// Jest Snapshot v1, https://goo.gl/fbAQLP

exports[`<Accordion /> opens and closes the <Accordion /> component 1`] = `
<div
  class="accordion__Container-sc-1swcv0n-0 dehkpm"
>
  <div
    class="accordion__Inner-sc-1swcv0n-1 bwcvVB"
  >
    <h1
      class="accordion__Title-sc-1swcv0n-4 cfwFNO"
    >
      Frequently Asked Questions
    </h1>
    <div
      class="accordion__Item-sc-1swcv0n-5 bpKNvA"
    >
      <div
        class="accordion__Header-sc-1swcv0n-2 cflCzg"
      >
        What is Netflix?
        <img
          alt="Open"
          src="/images/icons/add.png"
        />
      </div>
    </div>
    <div
      class="accordion__Item-sc-1swcv0n-5 bpKNvA"
    >
      <div
        class="accordion__Header-sc-1swcv0n-2 cflCzg"
      >
        How much does Netflix cost?
        <img
          alt="Open"
          src="/images/icons/add.png"
        />
      </div>
    </div>
    <div
      class="accordion__Item-sc-1swcv0n-5 bpKNvA"
    >
      <div
        class="accordion__Header-sc-1swcv0n-2 cflCzg"
      >
        Where can I watch?
        <img
          alt="Open"
          src="/images/icons/add.png"
        />
      </div>
    </div>
    <div
      class="accordion__Item-sc-1swcv0n-5 bpKNvA"
    >
      <div
        class="accordion__Header-sc-1swcv0n-2 cflCzg"
      >
        How do I cancel?
        <img
          alt="Open"
          src="/images/icons/add.png"
        />
      </div>
    </div>
    <div
      class="accordion__Item-sc-1swcv0n-5 bpKNvA"
    >
      <div
        class="accordion__Header-sc-1swcv0n-2 cflCzg"
      >
        What can I watch on Netflix?
        <img
          alt="Open"
          src="/images/icons/add.png"
        />
      </div>
    </div>
  </div>
</div>
`;

exports[`<Accordion /> renders the <Accordion /> with populated data 1`] = `
<div
  class="accordion__Container-sc-1swcv0n-0 dehkpm"
>
  <div
    class="accordion__Inner-sc-1swcv0n-1 bwcvVB"
  >
    <h1
      class="accordion__Title-sc-1swcv0n-4 cfwFNO"
    >
      Frequently Asked Questions
    </h1>
    <div
      class="accordion__Item-sc-1swcv0n-5 bpKNvA"
    >
      <div
        class="accordion__Header-sc-1swcv0n-2 cflCzg"
      >
        What is Netflix?
        <img
          alt="Open"
          src="/images/icons/add.png"
        />
      </div>
    </div>
    <div
      class="accordion__Item-sc-1swcv0n-5 bpKNvA"
    >
      <div
        class="accordion__Header-sc-1swcv0n-2 cflCzg"
      >
        How much does Netflix cost?
        <img
          alt="Open"
          src="/images/icons/add.png"
        />
      </div>
    </div>
    <div
      class="accordion__Item-sc-1swcv0n-5 bpKNvA"
    >
      <div
        class="accordion__Header-sc-1swcv0n-2 cflCzg"
      >
        Where can I watch?
        <img
          alt="Open"
          src="/images/icons/add.png"
        />
      </div>
    </div>
    <div
      class="accordion__Item-sc-1swcv0n-5 bpKNvA"
    >
      <div
        class="accordion__Header-sc-1swcv0n-2 cflCzg"
      >
        How do I cancel?
        <img
          alt="Open"
          src="/images/icons/add.png"
        />
      </div>
    </div>
    <div
      class="accordion__Item-sc-1swcv0n-5 bpKNvA"
    >
      <div
        class="accordion__Header-sc-1swcv0n-2 cflCzg"
      >
        What can I watch on Netflix?
        <img
          alt="Open"
          src="/images/icons/add.png"
        />
      </div>
    </div>
  </div>
</div>
`;
